16:19:11 **** Incremental Build of configuration Debug for project CV2_Task1 ****
make -j4 all 
arm-none-eabi-gcc "../Core/Src/main.c" -mcpu=cortex-m0 -std=gnu11 -g3 -DDEBUG -DUSE_FULL_LL_DRIVER -DHSE_VALUE=8000000 -DHSE_STARTUP_TIMEOUT=100 -DLSE_STARTUP_TIMEOUT=5000 -DLSE_VALUE=32768 -DHSI_VALUE=8000000 -DLSI_VALUE=40000 -DVDD_VALUE=3300 -DPREFETCH_ENABLE=1 -DINSTRUCTION_CACHE_ENABLE=0 -DDATA_CACHE_ENABLE=0 -DSTM32F030x8 -c -I../Core/Inc -I../Drivers/STM32F0xx_HAL_Driver/Inc -I../Drivers/CMSIS/Device/ST/STM32F0xx/Include -I../Drivers/CMSIS/Include -O0 -ffunction-sections -fdata-sections -Wall -fstack-usage -fcyclomatic-complexity -MMD -MP -MF"Core/Src/main.d" -MT"Core/Src/main.o" --specs=nano.specs -mfloat-abi=soft -mthumb -o "Core/Src/main.o"
arm-none-eabi-gcc -o "CV2_Task1.elf" @"objects.list"   -mcpu=cortex-m0 -T"C:\Temp\Caban\Microcontrollers-And-Embedded-Systems\CV02\CV2_Task1\STM32F030R8TX_FLASH.ld" --specs=nosys.specs -Wl,-Map="CV2_Task1.map" -Wl,--gc-sections -static --specs=nano.specs -mfloat-abi=soft -mthumb -Wl,--start-group -lc -lm -Wl,--end-group
Finished building target: CV2_Task1.elf
 
arm-none-eabi-size   CV2_Task1.elf 
arm-none-eabi-objdump -h -S  CV2_Task1.elf  > "CV2_Task1.list"
   text	   data	    bss	    dec	    hex	filename
   5360	     12	   1588	   6960	   1b30	CV2_Task1.elf
Finished building: default.size.stdout
 
Finished building: CV2_Task1.list
 

16:19:12 Build Finished. 0 errors, 0 warnings. (took 714ms)

